running develop
running egg_info
creating depth_anything_v2_ros2.egg-info
writing depth_anything_v2_ros2.egg-info/PKG-INFO
writing dependency_links to depth_anything_v2_ros2.egg-info/dependency_links.txt
writing entry points to depth_anything_v2_ros2.egg-info/entry_points.txt
writing requirements to depth_anything_v2_ros2.egg-info/requires.txt
writing top-level names to depth_anything_v2_ros2.egg-info/top_level.txt
writing manifest file 'depth_anything_v2_ros2.egg-info/SOURCES.txt'
reading manifest file 'depth_anything_v2_ros2.egg-info/SOURCES.txt'
writing manifest file 'depth_anything_v2_ros2.egg-info/SOURCES.txt'
running build_ext
Creating /home/aleksantari/projects/snake_robot/ros2_ws/install/depth_anything_v2_ros2/lib/python3.10/site-packages/depth-anything-v2-ros2.egg-link (link to .)
Installing depth_anything_v2_ros2 script to /home/aleksantari/projects/snake_robot/ros2_ws/install/depth_anything_v2_ros2/lib/depth_anything_v2_ros2

Installed /home/aleksantari/projects/snake_robot/ros2_ws/build/depth_anything_v2_ros2
running symlink_data
creating /home/aleksantari/projects/snake_robot/ros2_ws/install/depth_anything_v2_ros2/share/ament_index
creating /home/aleksantari/projects/snake_robot/ros2_ws/install/depth_anything_v2_ros2/share/ament_index/resource_index
creating /home/aleksantari/projects/snake_robot/ros2_ws/install/depth_anything_v2_ros2/share/ament_index/resource_index/packages
symbolically linking /home/aleksantari/projects/snake_robot/ros2_ws/build/depth_anything_v2_ros2/resource/depth_anything_v2_ros2 -> /home/aleksantari/projects/snake_robot/ros2_ws/install/depth_anything_v2_ros2/share/ament_index/resource_index/packages
creating /home/aleksantari/projects/snake_robot/ros2_ws/install/depth_anything_v2_ros2/lib/depth_anything_v2_ros2/depth_anything_v2
creating /home/aleksantari/projects/snake_robot/ros2_ws/install/depth_anything_v2_ros2/lib/depth_anything_v2_ros2/depth_anything_v2/depth_anything_v2
symbolically linking /home/aleksantari/projects/snake_robot/ros2_ws/build/depth_anything_v2_ros2/depth_anything_v2/depth_anything_v2/dpt.py -> /home/aleksantari/projects/snake_robot/ros2_ws/install/depth_anything_v2_ros2/lib/depth_anything_v2_ros2/depth_anything_v2/depth_anything_v2
symbolically linking /home/aleksantari/projects/snake_robot/ros2_ws/build/depth_anything_v2_ros2/depth_anything_v2/depth_anything_v2/dinov2.py -> /home/aleksantari/projects/snake_robot/ros2_ws/install/depth_anything_v2_ros2/lib/depth_anything_v2_ros2/depth_anything_v2/depth_anything_v2
creating /home/aleksantari/projects/snake_robot/ros2_ws/install/depth_anything_v2_ros2/lib/depth_anything_v2_ros2/depth_anything_v2/depth_anything_v2/dinov2_layers
symbolically linking /home/aleksantari/projects/snake_robot/ros2_ws/build/depth_anything_v2_ros2/depth_anything_v2/depth_anything_v2/dinov2_layers/drop_path.py -> /home/aleksantari/projects/snake_robot/ros2_ws/install/depth_anything_v2_ros2/lib/depth_anything_v2_ros2/depth_anything_v2/depth_anything_v2/dinov2_layers
symbolically linking /home/aleksantari/projects/snake_robot/ros2_ws/build/depth_anything_v2_ros2/depth_anything_v2/depth_anything_v2/dinov2_layers/__init__.py -> /home/aleksantari/projects/snake_robot/ros2_ws/install/depth_anything_v2_ros2/lib/depth_anything_v2_ros2/depth_anything_v2/depth_anything_v2/dinov2_layers
symbolically linking /home/aleksantari/projects/snake_robot/ros2_ws/build/depth_anything_v2_ros2/depth_anything_v2/depth_anything_v2/dinov2_layers/swiglu_ffn.py -> /home/aleksantari/projects/snake_robot/ros2_ws/install/depth_anything_v2_ros2/lib/depth_anything_v2_ros2/depth_anything_v2/depth_anything_v2/dinov2_layers
symbolically linking /home/aleksantari/projects/snake_robot/ros2_ws/build/depth_anything_v2_ros2/depth_anything_v2/depth_anything_v2/dinov2_layers/block.py -> /home/aleksantari/projects/snake_robot/ros2_ws/install/depth_anything_v2_ros2/lib/depth_anything_v2_ros2/depth_anything_v2/depth_anything_v2/dinov2_layers
symbolically linking /home/aleksantari/projects/snake_robot/ros2_ws/build/depth_anything_v2_ros2/depth_anything_v2/depth_anything_v2/dinov2_layers/layer_scale.py -> /home/aleksantari/projects/snake_robot/ros2_ws/install/depth_anything_v2_ros2/lib/depth_anything_v2_ros2/depth_anything_v2/depth_anything_v2/dinov2_layers
symbolically linking /home/aleksantari/projects/snake_robot/ros2_ws/build/depth_anything_v2_ros2/depth_anything_v2/depth_anything_v2/dinov2_layers/patch_embed.py -> /home/aleksantari/projects/snake_robot/ros2_ws/install/depth_anything_v2_ros2/lib/depth_anything_v2_ros2/depth_anything_v2/depth_anything_v2/dinov2_layers
symbolically linking /home/aleksantari/projects/snake_robot/ros2_ws/build/depth_anything_v2_ros2/depth_anything_v2/depth_anything_v2/dinov2_layers/mlp.py -> /home/aleksantari/projects/snake_robot/ros2_ws/install/depth_anything_v2_ros2/lib/depth_anything_v2_ros2/depth_anything_v2/depth_anything_v2/dinov2_layers
symbolically linking /home/aleksantari/projects/snake_robot/ros2_ws/build/depth_anything_v2_ros2/depth_anything_v2/depth_anything_v2/dinov2_layers/attention.py -> /home/aleksantari/projects/snake_robot/ros2_ws/install/depth_anything_v2_ros2/lib/depth_anything_v2_ros2/depth_anything_v2/depth_anything_v2/dinov2_layers
creating /home/aleksantari/projects/snake_robot/ros2_ws/install/depth_anything_v2_ros2/lib/depth_anything_v2_ros2/depth_anything_v2/depth_anything_v2/util
symbolically linking /home/aleksantari/projects/snake_robot/ros2_ws/build/depth_anything_v2_ros2/depth_anything_v2/depth_anything_v2/util/transform.py -> /home/aleksantari/projects/snake_robot/ros2_ws/install/depth_anything_v2_ros2/lib/depth_anything_v2_ros2/depth_anything_v2/depth_anything_v2/util
symbolically linking /home/aleksantari/projects/snake_robot/ros2_ws/build/depth_anything_v2_ros2/depth_anything_v2/depth_anything_v2/util/blocks.py -> /home/aleksantari/projects/snake_robot/ros2_ws/install/depth_anything_v2_ros2/lib/depth_anything_v2_ros2/depth_anything_v2/depth_anything_v2/util
symbolically linking /home/aleksantari/projects/snake_robot/ros2_ws/build/depth_anything_v2_ros2/package.xml -> /home/aleksantari/projects/snake_robot/ros2_ws/install/depth_anything_v2_ros2/share/depth_anything_v2_ros2
creating /home/aleksantari/projects/snake_robot/ros2_ws/install/depth_anything_v2_ros2/share/depth_anything_v2_ros2/launch
symbolically linking /home/aleksantari/projects/snake_robot/ros2_ws/build/depth_anything_v2_ros2/launch/default.launch.py -> /home/aleksantari/projects/snake_robot/ros2_ws/install/depth_anything_v2_ros2/share/depth_anything_v2_ros2/launch
creating /home/aleksantari/projects/snake_robot/ros2_ws/install/depth_anything_v2_ros2/share/depth_anything_v2_ros2/models
symbolically linking /home/aleksantari/projects/snake_robot/ros2_ws/build/depth_anything_v2_ros2/models/depth_anything_v2_vitb.pth -> /home/aleksantari/projects/snake_robot/ros2_ws/install/depth_anything_v2_ros2/share/depth_anything_v2_ros2/models
creating /home/aleksantari/projects/snake_robot/ros2_ws/install/depth_anything_v2_ros2/share/depth_anything_v2_ros2/config
symbolically linking /home/aleksantari/projects/snake_robot/ros2_ws/build/depth_anything_v2_ros2/config/params.yaml -> /home/aleksantari/projects/snake_robot/ros2_ws/install/depth_anything_v2_ros2/share/depth_anything_v2_ros2/config
