[0.366s] Invoking command in '/home/aleksantari/projects/snake_robot/ros2_ws/build/depth_anything_v2_ros2': PS1=(snake_robot_env) \[\e]0;\u@\h: \w\a\]${debian_chroot:+($debian_chroot)}\[\033[01;32m\]\u@\h\[\033[00m\]:\[\033[01;34m\]\w\[\033[00m\]\$ PYTHONPATH=/home/aleksantari/projects/snake_robot/ros2_ws/build/depth_anything_v2_ros2/prefix_override:/usr/lib/python3/dist-packages/colcon_core/task/python/colcon_distutils_commands:/home/aleksantari/projects/snake_robot/ros2_ws/install/depth_anything_v2_ros2/lib/python3.10/site-packages:${PYTHONPATH} VIRTUAL_ENV_PROMPT=(snake_robot_env) /usr/bin/python3 -W ignore:setup.py install is deprecated -W ignore:easy_install command is deprecated setup.py develop --editable --build-directory /home/aleksantari/projects/snake_robot/ros2_ws/build/depth_anything_v2_ros2/build --no-deps symlink_data
[0.496s] running develop
[0.576s] running egg_info
[0.576s] creating depth_anything_v2_ros2.egg-info
[0.576s] writing depth_anything_v2_ros2.egg-info/PKG-INFO
[0.576s] writing dependency_links to depth_anything_v2_ros2.egg-info/dependency_links.txt
[0.576s] writing entry points to depth_anything_v2_ros2.egg-info/entry_points.txt
[0.576s] writing requirements to depth_anything_v2_ros2.egg-info/requires.txt
[0.576s] writing top-level names to depth_anything_v2_ros2.egg-info/top_level.txt
[0.577s] writing manifest file 'depth_anything_v2_ros2.egg-info/SOURCES.txt'
[0.577s] reading manifest file 'depth_anything_v2_ros2.egg-info/SOURCES.txt'
[0.578s] writing manifest file 'depth_anything_v2_ros2.egg-info/SOURCES.txt'
[0.579s] running build_ext
[0.579s] Creating /home/aleksantari/projects/snake_robot/ros2_ws/install/depth_anything_v2_ros2/lib/python3.10/site-packages/depth-anything-v2-ros2.egg-link (link to .)
[0.579s] Installing depth_anything_v2_ros2 script to /home/aleksantari/projects/snake_robot/ros2_ws/install/depth_anything_v2_ros2/lib/depth_anything_v2_ros2
[0.579s] 
[0.579s] Installed /home/aleksantari/projects/snake_robot/ros2_ws/build/depth_anything_v2_ros2
[0.579s] running symlink_data
[0.580s] creating /home/aleksantari/projects/snake_robot/ros2_ws/install/depth_anything_v2_ros2/share/ament_index
[0.580s] creating /home/aleksantari/projects/snake_robot/ros2_ws/install/depth_anything_v2_ros2/share/ament_index/resource_index
[0.580s] creating /home/aleksantari/projects/snake_robot/ros2_ws/install/depth_anything_v2_ros2/share/ament_index/resource_index/packages
[0.580s] symbolically linking /home/aleksantari/projects/snake_robot/ros2_ws/build/depth_anything_v2_ros2/resource/depth_anything_v2_ros2 -> /home/aleksantari/projects/snake_robot/ros2_ws/install/depth_anything_v2_ros2/share/ament_index/resource_index/packages
[0.580s] creating /home/aleksantari/projects/snake_robot/ros2_ws/install/depth_anything_v2_ros2/lib/depth_anything_v2_ros2/depth_anything_v2
[0.580s] creating /home/aleksantari/projects/snake_robot/ros2_ws/install/depth_anything_v2_ros2/lib/depth_anything_v2_ros2/depth_anything_v2/depth_anything_v2
[0.580s] symbolically linking /home/aleksantari/projects/snake_robot/ros2_ws/build/depth_anything_v2_ros2/depth_anything_v2/depth_anything_v2/dpt.py -> /home/aleksantari/projects/snake_robot/ros2_ws/install/depth_anything_v2_ros2/lib/depth_anything_v2_ros2/depth_anything_v2/depth_anything_v2
[0.580s] symbolically linking /home/aleksantari/projects/snake_robot/ros2_ws/build/depth_anything_v2_ros2/depth_anything_v2/depth_anything_v2/dinov2.py -> /home/aleksantari/projects/snake_robot/ros2_ws/install/depth_anything_v2_ros2/lib/depth_anything_v2_ros2/depth_anything_v2/depth_anything_v2
[0.580s] creating /home/aleksantari/projects/snake_robot/ros2_ws/install/depth_anything_v2_ros2/lib/depth_anything_v2_ros2/depth_anything_v2/depth_anything_v2/dinov2_layers
[0.580s] symbolically linking /home/aleksantari/projects/snake_robot/ros2_ws/build/depth_anything_v2_ros2/depth_anything_v2/depth_anything_v2/dinov2_layers/drop_path.py -> /home/aleksantari/projects/snake_robot/ros2_ws/install/depth_anything_v2_ros2/lib/depth_anything_v2_ros2/depth_anything_v2/depth_anything_v2/dinov2_layers
[0.580s] symbolically linking /home/aleksantari/projects/snake_robot/ros2_ws/build/depth_anything_v2_ros2/depth_anything_v2/depth_anything_v2/dinov2_layers/__init__.py -> /home/aleksantari/projects/snake_robot/ros2_ws/install/depth_anything_v2_ros2/lib/depth_anything_v2_ros2/depth_anything_v2/depth_anything_v2/dinov2_layers
[0.580s] symbolically linking /home/aleksantari/projects/snake_robot/ros2_ws/build/depth_anything_v2_ros2/depth_anything_v2/depth_anything_v2/dinov2_layers/swiglu_ffn.py -> /home/aleksantari/projects/snake_robot/ros2_ws/install/depth_anything_v2_ros2/lib/depth_anything_v2_ros2/depth_anything_v2/depth_anything_v2/dinov2_layers
[0.580s] symbolically linking /home/aleksantari/projects/snake_robot/ros2_ws/build/depth_anything_v2_ros2/depth_anything_v2/depth_anything_v2/dinov2_layers/block.py -> /home/aleksantari/projects/snake_robot/ros2_ws/install/depth_anything_v2_ros2/lib/depth_anything_v2_ros2/depth_anything_v2/depth_anything_v2/dinov2_layers
[0.580s] symbolically linking /home/aleksantari/projects/snake_robot/ros2_ws/build/depth_anything_v2_ros2/depth_anything_v2/depth_anything_v2/dinov2_layers/layer_scale.py -> /home/aleksantari/projects/snake_robot/ros2_ws/install/depth_anything_v2_ros2/lib/depth_anything_v2_ros2/depth_anything_v2/depth_anything_v2/dinov2_layers
[0.581s] symbolically linking /home/aleksantari/projects/snake_robot/ros2_ws/build/depth_anything_v2_ros2/depth_anything_v2/depth_anything_v2/dinov2_layers/patch_embed.py -> /home/aleksantari/projects/snake_robot/ros2_ws/install/depth_anything_v2_ros2/lib/depth_anything_v2_ros2/depth_anything_v2/depth_anything_v2/dinov2_layers
[0.581s] symbolically linking /home/aleksantari/projects/snake_robot/ros2_ws/build/depth_anything_v2_ros2/depth_anything_v2/depth_anything_v2/dinov2_layers/mlp.py -> /home/aleksantari/projects/snake_robot/ros2_ws/install/depth_anything_v2_ros2/lib/depth_anything_v2_ros2/depth_anything_v2/depth_anything_v2/dinov2_layers
[0.581s] symbolically linking /home/aleksantari/projects/snake_robot/ros2_ws/build/depth_anything_v2_ros2/depth_anything_v2/depth_anything_v2/dinov2_layers/attention.py -> /home/aleksantari/projects/snake_robot/ros2_ws/install/depth_anything_v2_ros2/lib/depth_anything_v2_ros2/depth_anything_v2/depth_anything_v2/dinov2_layers
[0.581s] creating /home/aleksantari/projects/snake_robot/ros2_ws/install/depth_anything_v2_ros2/lib/depth_anything_v2_ros2/depth_anything_v2/depth_anything_v2/util
[0.581s] symbolically linking /home/aleksantari/projects/snake_robot/ros2_ws/build/depth_anything_v2_ros2/depth_anything_v2/depth_anything_v2/util/transform.py -> /home/aleksantari/projects/snake_robot/ros2_ws/install/depth_anything_v2_ros2/lib/depth_anything_v2_ros2/depth_anything_v2/depth_anything_v2/util
[0.581s] symbolically linking /home/aleksantari/projects/snake_robot/ros2_ws/build/depth_anything_v2_ros2/depth_anything_v2/depth_anything_v2/util/blocks.py -> /home/aleksantari/projects/snake_robot/ros2_ws/install/depth_anything_v2_ros2/lib/depth_anything_v2_ros2/depth_anything_v2/depth_anything_v2/util
[0.581s] symbolically linking /home/aleksantari/projects/snake_robot/ros2_ws/build/depth_anything_v2_ros2/package.xml -> /home/aleksantari/projects/snake_robot/ros2_ws/install/depth_anything_v2_ros2/share/depth_anything_v2_ros2
[0.581s] creating /home/aleksantari/projects/snake_robot/ros2_ws/install/depth_anything_v2_ros2/share/depth_anything_v2_ros2/launch
[0.581s] symbolically linking /home/aleksantari/projects/snake_robot/ros2_ws/build/depth_anything_v2_ros2/launch/default.launch.py -> /home/aleksantari/projects/snake_robot/ros2_ws/install/depth_anything_v2_ros2/share/depth_anything_v2_ros2/launch
[0.581s] creating /home/aleksantari/projects/snake_robot/ros2_ws/install/depth_anything_v2_ros2/share/depth_anything_v2_ros2/models
[0.581s] symbolically linking /home/aleksantari/projects/snake_robot/ros2_ws/build/depth_anything_v2_ros2/models/depth_anything_v2_vitb.pth -> /home/aleksantari/projects/snake_robot/ros2_ws/install/depth_anything_v2_ros2/share/depth_anything_v2_ros2/models
[0.581s] creating /home/aleksantari/projects/snake_robot/ros2_ws/install/depth_anything_v2_ros2/share/depth_anything_v2_ros2/config
[0.581s] symbolically linking /home/aleksantari/projects/snake_robot/ros2_ws/build/depth_anything_v2_ros2/config/params.yaml -> /home/aleksantari/projects/snake_robot/ros2_ws/install/depth_anything_v2_ros2/share/depth_anything_v2_ros2/config
[0.596s] Invoked command in '/home/aleksantari/projects/snake_robot/ros2_ws/build/depth_anything_v2_ros2' returned '0': PS1=(snake_robot_env) \[\e]0;\u@\h: \w\a\]${debian_chroot:+($debian_chroot)}\[\033[01;32m\]\u@\h\[\033[00m\]:\[\033[01;34m\]\w\[\033[00m\]\$ PYTHONPATH=/home/aleksantari/projects/snake_robot/ros2_ws/build/depth_anything_v2_ros2/prefix_override:/usr/lib/python3/dist-packages/colcon_core/task/python/colcon_distutils_commands:/home/aleksantari/projects/snake_robot/ros2_ws/install/depth_anything_v2_ros2/lib/python3.10/site-packages:${PYTHONPATH} VIRTUAL_ENV_PROMPT=(snake_robot_env) /usr/bin/python3 -W ignore:setup.py install is deprecated -W ignore:easy_install command is deprecated setup.py develop --editable --build-directory /home/aleksantari/projects/snake_robot/ros2_ws/build/depth_anything_v2_ros2/build --no-deps symlink_data
