running develop
running egg_info
creating snake_segmentation.egg-info
writing snake_segmentation.egg-info/PKG-INFO
writing dependency_links to snake_segmentation.egg-info/dependency_links.txt
writing entry points to snake_segmentation.egg-info/entry_points.txt
writing requirements to snake_segmentation.egg-info/requires.txt
writing top-level names to snake_segmentation.egg-info/top_level.txt
writing manifest file 'snake_segmentation.egg-info/SOURCES.txt'
reading manifest file 'snake_segmentation.egg-info/SOURCES.txt'
writing manifest file 'snake_segmentation.egg-info/SOURCES.txt'
running build_ext
Creating /home/aleksantari/projects/snake_robot/ros2_ws/install/snake_segmentation/lib/python3.10/site-packages/snake-segmentation.egg-link (link to .)
Installing segmentation_node script to /home/aleksantari/projects/snake_robot/ros2_ws/install/snake_segmentation/lib/snake_segmentation

Installed /home/aleksantari/projects/snake_robot/ros2_ws/build/snake_segmentation
running symlink_data
creating /home/aleksantari/projects/snake_robot/ros2_ws/install/snake_segmentation/share/ament_index
creating /home/aleksantari/projects/snake_robot/ros2_ws/install/snake_segmentation/share/ament_index/resource_index
creating /home/aleksantari/projects/snake_robot/ros2_ws/install/snake_segmentation/share/ament_index/resource_index/packages
symbolically linking /home/aleksantari/projects/snake_robot/ros2_ws/build/snake_segmentation/resource/snake_segmentation -> /home/aleksantari/projects/snake_robot/ros2_ws/install/snake_segmentation/share/ament_index/resource_index/packages
symbolically linking /home/aleksantari/projects/snake_robot/ros2_ws/build/snake_segmentation/package.xml -> /home/aleksantari/projects/snake_robot/ros2_ws/install/snake_segmentation/share/snake_segmentation
creating /home/aleksantari/projects/snake_robot/ros2_ws/install/snake_segmentation/share/snake_segmentation/models
symbolically linking /home/aleksantari/projects/snake_robot/ros2_ws/build/snake_segmentation/models/yolo11n-seg.pt -> /home/aleksantari/projects/snake_robot/ros2_ws/install/snake_segmentation/share/snake_segmentation/models
