[0.519s] Invoking command in '/home/aleksantari/projects/snake_robot/ros2_ws/build/snake_segmentation': PS1=(snake_robot_env) \[\e]0;\u@\h: \w\a\]${debian_chroot:+($debian_chroot)}\[\033[01;32m\]\u@\h\[\033[00m\]:\[\033[01;34m\]\w\[\033[00m\]\$ PYTHONPATH=/home/aleksantari/projects/snake_robot/ros2_ws/build/snake_segmentation/prefix_override:/usr/lib/python3/dist-packages/colcon_core/task/python/colcon_distutils_commands:/home/aleksantari/projects/snake_robot/ros2_ws/install/snake_segmentation/lib/python3.10/site-packages:${PYTHONPATH} VIRTUAL_ENV_PROMPT=(snake_robot_env) /usr/bin/python3 -W ignore:setup.py install is deprecated -W ignore:easy_install command is deprecated setup.py develop --editable --build-directory /home/aleksantari/projects/snake_robot/ros2_ws/build/snake_segmentation/build --no-deps symlink_data
[0.659s] running develop
[0.742s] running egg_info
[0.742s] creating snake_segmentation.egg-info
[0.742s] writing snake_segmentation.egg-info/PKG-INFO
[0.742s] writing dependency_links to snake_segmentation.egg-info/dependency_links.txt
[0.742s] writing entry points to snake_segmentation.egg-info/entry_points.txt
[0.743s] writing requirements to snake_segmentation.egg-info/requires.txt
[0.743s] writing top-level names to snake_segmentation.egg-info/top_level.txt
[0.743s] writing manifest file 'snake_segmentation.egg-info/SOURCES.txt'
[0.744s] reading manifest file 'snake_segmentation.egg-info/SOURCES.txt'
[0.744s] writing manifest file 'snake_segmentation.egg-info/SOURCES.txt'
[0.745s] running build_ext
[0.745s] Creating /home/aleksantari/projects/snake_robot/ros2_ws/install/snake_segmentation/lib/python3.10/site-packages/snake-segmentation.egg-link (link to .)
[0.745s] Installing segmentation_node script to /home/aleksantari/projects/snake_robot/ros2_ws/install/snake_segmentation/lib/snake_segmentation
[0.745s] 
[0.746s] Installed /home/aleksantari/projects/snake_robot/ros2_ws/build/snake_segmentation
[0.746s] running symlink_data
[0.746s] creating /home/aleksantari/projects/snake_robot/ros2_ws/install/snake_segmentation/share/ament_index
[0.746s] creating /home/aleksantari/projects/snake_robot/ros2_ws/install/snake_segmentation/share/ament_index/resource_index
[0.746s] creating /home/aleksantari/projects/snake_robot/ros2_ws/install/snake_segmentation/share/ament_index/resource_index/packages
[0.746s] symbolically linking /home/aleksantari/projects/snake_robot/ros2_ws/build/snake_segmentation/resource/snake_segmentation -> /home/aleksantari/projects/snake_robot/ros2_ws/install/snake_segmentation/share/ament_index/resource_index/packages
[0.746s] symbolically linking /home/aleksantari/projects/snake_robot/ros2_ws/build/snake_segmentation/package.xml -> /home/aleksantari/projects/snake_robot/ros2_ws/install/snake_segmentation/share/snake_segmentation
[0.746s] creating /home/aleksantari/projects/snake_robot/ros2_ws/install/snake_segmentation/share/snake_segmentation/models
[0.746s] symbolically linking /home/aleksantari/projects/snake_robot/ros2_ws/build/snake_segmentation/models/yolo11n-seg.pt -> /home/aleksantari/projects/snake_robot/ros2_ws/install/snake_segmentation/share/snake_segmentation/models
[0.766s] Invoked command in '/home/aleksantari/projects/snake_robot/ros2_ws/build/snake_segmentation' returned '0': PS1=(snake_robot_env) \[\e]0;\u@\h: \w\a\]${debian_chroot:+($debian_chroot)}\[\033[01;32m\]\u@\h\[\033[00m\]:\[\033[01;34m\]\w\[\033[00m\]\$ PYTHONPATH=/home/aleksantari/projects/snake_robot/ros2_ws/build/snake_segmentation/prefix_override:/usr/lib/python3/dist-packages/colcon_core/task/python/colcon_distutils_commands:/home/aleksantari/projects/snake_robot/ros2_ws/install/snake_segmentation/lib/python3.10/site-packages:${PYTHONPATH} VIRTUAL_ENV_PROMPT=(snake_robot_env) /usr/bin/python3 -W ignore:setup.py install is deprecated -W ignore:easy_install command is deprecated setup.py develop --editable --build-directory /home/aleksantari/projects/snake_robot/ros2_ws/build/snake_segmentation/build --no-deps symlink_data
