[0.155s] DEBUG:colcon:Command line arguments: ['/usr/bin/colcon', 'build', '--symlink-install']
[0.155s] DEBUG:colcon:Parsed command line arguments: Namespace(log_base=None, log_level=None, verb_name='build', build_base='build', install_base='install', merge_install=False, symlink_install=True, test_result_base=None, continue_on_error=False, executor='parallel', parallel_workers=2, event_handlers=None, ignore_user_meta=False, metas=['./colcon.meta'], base_paths=['.'], packages_ignore=None, packages_ignore_regex=None, paths=None, packages_up_to=None, packages_up_to_regex=None, packages_above=None, packages_above_and_dependencies=None, packages_above_depth=None, packages_select_by_dep=None, packages_skip_by_dep=None, packages_skip_up_to=None, packages_select_build_failed=False, packages_skip_build_finished=False, packages_select_test_failures=False, packages_skip_test_passed=False, packages_select=None, packages_skip=None, packages_select_regex=None, packages_skip_regex=None, packages_start=None, packages_end=None, allow_overriding=[], cmake_args=None, cmake_target=None, cmake_target_skip_unavailable=False, cmake_clean_cache=False, cmake_clean_first=False, cmake_force_configure=False, ament_cmake_args=None, catkin_cmake_args=None, catkin_skip_building_tests=False, verb_parser=<colcon_defaults.argument_parser.defaults.DefaultArgumentsDecorator object at 0xffff81d50cd0>, verb_extension=<colcon_core.verb.build.BuildVerb object at 0xffff81e5a140>, main=<bound method BuildVerb.main of <colcon_core.verb.build.BuildVerb object at 0xffff81e5a140>>)
[0.298s] Level 1:colcon.colcon_core.package_discovery:discover_packages(colcon_meta) check parameters
[0.298s] Level 1:colcon.colcon_core.package_discovery:discover_packages(recursive) check parameters
[0.298s] Level 1:colcon.colcon_core.package_discovery:discover_packages(ignore) check parameters
[0.298s] Level 1:colcon.colcon_core.package_discovery:discover_packages(path) check parameters
[0.298s] Level 1:colcon.colcon_core.package_discovery:discover_packages(colcon_meta) discover
[0.298s] Level 1:colcon.colcon_core.package_discovery:discover_packages(recursive) discover
[0.298s] INFO:colcon.colcon_core.package_discovery:Crawling recursively for packages in '/home/aleksantari/projects/snake_robot/ros2_ws'
[0.298s] Level 1:colcon.colcon_core.package_identification:_identify(.) by extensions ['ignore', 'ignore_ament_install']
[0.299s] Level 1:colcon.colcon_core.package_identification:_identify(.) by extension 'ignore'
[0.299s] Level 1:colcon.colcon_core.package_identification:_identify(.) by extension 'ignore_ament_install'
[0.299s] Level 1:colcon.colcon_core.package_identification:_identify(.) by extensions ['colcon_pkg']
[0.299s] Level 1:colcon.colcon_core.package_identification:_identify(.) by extension 'colcon_pkg'
[0.299s] Level 1:colcon.colcon_core.package_identification:_identify(.) by extensions ['colcon_meta']
[0.299s] Level 1:colcon.colcon_core.package_identification:_identify(.) by extension 'colcon_meta'
[0.299s] Level 1:colcon.colcon_core.package_identification:_identify(.) by extensions ['ros']
[0.299s] Level 1:colcon.colcon_core.package_identification:_identify(.) by extension 'ros'
[0.306s] Level 1:colcon.colcon_core.package_identification:_identify(.) by extensions ['cmake', 'python']
[0.306s] Level 1:colcon.colcon_core.package_identification:_identify(.) by extension 'cmake'
[0.306s] Level 1:colcon.colcon_core.package_identification:_identify(.) by extension 'python'
[0.306s] Level 1:colcon.colcon_core.package_identification:_identify(.) by extensions ['python_setup_py']
[0.306s] Level 1:colcon.colcon_core.package_identification:_identify(.) by extension 'python_setup_py'
[0.307s] Level 1:colcon.colcon_core.package_identification:_identify(build) by extensions ['ignore', 'ignore_ament_install']
[0.307s] Level 1:colcon.colcon_core.package_identification:_identify(build) by extension 'ignore'
[0.307s] Level 1:colcon.colcon_core.package_identification:_identify(build) ignored
[0.307s] Level 1:colcon.colcon_core.package_identification:_identify(install) by extensions ['ignore', 'ignore_ament_install']
[0.307s] Level 1:colcon.colcon_core.package_identification:_identify(install) by extension 'ignore'
[0.307s] Level 1:colcon.colcon_core.package_identification:_identify(install) ignored
[0.307s] Level 1:colcon.colcon_core.package_identification:_identify(log) by extensions ['ignore', 'ignore_ament_install']
[0.307s] Level 1:colcon.colcon_core.package_identification:_identify(log) by extension 'ignore'
[0.307s] Level 1:colcon.colcon_core.package_identification:_identify(log) ignored
[0.307s] Level 1:colcon.colcon_core.package_identification:_identify(src) by extensions ['ignore', 'ignore_ament_install']
[0.307s] Level 1:colcon.colcon_core.package_identification:_identify(src) by extension 'ignore'
[0.307s] Level 1:colcon.colcon_core.package_identification:_identify(src) by extension 'ignore_ament_install'
[0.307s] Level 1:colcon.colcon_core.package_identification:_identify(src) by extensions ['colcon_pkg']
[0.307s] Level 1:colcon.colcon_core.package_identification:_identify(src) by extension 'colcon_pkg'
[0.307s] Level 1:colcon.colcon_core.package_identification:_identify(src) by extensions ['colcon_meta']
[0.307s] Level 1:colcon.colcon_core.package_identification:_identify(src) by extension 'colcon_meta'
[0.307s] Level 1:colcon.colcon_core.package_identification:_identify(src) by extensions ['ros']
[0.307s] Level 1:colcon.colcon_core.package_identification:_identify(src) by extension 'ros'
[0.307s] Level 1:colcon.colcon_core.package_identification:_identify(src) by extensions ['cmake', 'python']
[0.307s] Level 1:colcon.colcon_core.package_identification:_identify(src) by extension 'cmake'
[0.307s] Level 1:colcon.colcon_core.package_identification:_identify(src) by extension 'python'
[0.307s] Level 1:colcon.colcon_core.package_identification:_identify(src) by extensions ['python_setup_py']
[0.307s] Level 1:colcon.colcon_core.package_identification:_identify(src) by extension 'python_setup_py'
[0.307s] Level 1:colcon.colcon_core.package_identification:_identify(src/depth_anything_v2_ros2) by extensions ['ignore', 'ignore_ament_install']
[0.307s] Level 1:colcon.colcon_core.package_identification:_identify(src/depth_anything_v2_ros2) by extension 'ignore'
[0.307s] Level 1:colcon.colcon_core.package_identification:_identify(src/depth_anything_v2_ros2) by extension 'ignore_ament_install'
[0.307s] Level 1:colcon.colcon_core.package_identification:_identify(src/depth_anything_v2_ros2) by extensions ['colcon_pkg']
[0.307s] Level 1:colcon.colcon_core.package_identification:_identify(src/depth_anything_v2_ros2) by extension 'colcon_pkg'
[0.307s] Level 1:colcon.colcon_core.package_identification:_identify(src/depth_anything_v2_ros2) by extensions ['colcon_meta']
[0.307s] Level 1:colcon.colcon_core.package_identification:_identify(src/depth_anything_v2_ros2) by extension 'colcon_meta'
[0.307s] Level 1:colcon.colcon_core.package_identification:_identify(src/depth_anything_v2_ros2) by extensions ['ros']
[0.307s] Level 1:colcon.colcon_core.package_identification:_identify(src/depth_anything_v2_ros2) by extension 'ros'
[0.309s] DEBUG:colcon.colcon_core.package_identification:Package 'src/depth_anything_v2_ros2' with type 'ros.ament_python' and name 'depth_anything_v2_ros2'
[0.309s] Level 1:colcon.colcon_core.package_identification:_identify(src/snake_segmentation) by extensions ['ignore', 'ignore_ament_install']
[0.309s] Level 1:colcon.colcon_core.package_identification:_identify(src/snake_segmentation) by extension 'ignore'
[0.309s] Level 1:colcon.colcon_core.package_identification:_identify(src/snake_segmentation) by extension 'ignore_ament_install'
[0.309s] Level 1:colcon.colcon_core.package_identification:_identify(src/snake_segmentation) by extensions ['colcon_pkg']
[0.309s] Level 1:colcon.colcon_core.package_identification:_identify(src/snake_segmentation) by extension 'colcon_pkg'
[0.309s] Level 1:colcon.colcon_core.package_identification:_identify(src/snake_segmentation) by extensions ['colcon_meta']
[0.309s] Level 1:colcon.colcon_core.package_identification:_identify(src/snake_segmentation) by extension 'colcon_meta'
[0.309s] Level 1:colcon.colcon_core.package_identification:_identify(src/snake_segmentation) by extensions ['ros']
[0.309s] Level 1:colcon.colcon_core.package_identification:_identify(src/snake_segmentation) by extension 'ros'
[0.310s] DEBUG:colcon.colcon_core.package_identification:Package 'src/snake_segmentation' with type 'ros.ament_python' and name 'snake_segmentation'
[0.310s] Level 1:colcon.colcon_core.package_discovery:discover_packages(recursive) using defaults
[0.310s] Level 1:colcon.colcon_core.package_discovery:discover_packages(ignore) discover
[0.310s] Level 1:colcon.colcon_core.package_discovery:discover_packages(ignore) using defaults
[0.310s] Level 1:colcon.colcon_core.package_discovery:discover_packages(path) discover
[0.310s] Level 1:colcon.colcon_core.package_discovery:discover_packages(path) using defaults
[0.334s] Level 1:colcon.colcon_core.package_discovery:discover_packages(prefix_path) check parameters
[0.335s] Level 1:colcon.colcon_core.package_discovery:discover_packages(prefix_path) discover
[0.338s] DEBUG:colcon.colcon_installed_package_information.package_discovery:Found 350 installed packages in /opt/ros/humble
[0.339s] Level 1:colcon.colcon_core.package_discovery:discover_packages(prefix_path) using defaults
[0.410s] Level 5:colcon.colcon_core.verb:set package 'depth_anything_v2_ros2' build argument 'cmake_args' from command line to 'None'
[0.410s] Level 5:colcon.colcon_core.verb:set package 'depth_anything_v2_ros2' build argument 'cmake_target' from command line to 'None'
[0.410s] Level 5:colcon.colcon_core.verb:set package 'depth_anything_v2_ros2' build argument 'cmake_target_skip_unavailable' from command line to 'False'
[0.410s] Level 5:colcon.colcon_core.verb:set package 'depth_anything_v2_ros2' build argument 'cmake_clean_cache' from command line to 'False'
[0.410s] Level 5:colcon.colcon_core.verb:set package 'depth_anything_v2_ros2' build argument 'cmake_clean_first' from command line to 'False'
[0.410s] Level 5:colcon.colcon_core.verb:set package 'depth_anything_v2_ros2' build argument 'cmake_force_configure' from command line to 'False'
[0.410s] Level 5:colcon.colcon_core.verb:set package 'depth_anything_v2_ros2' build argument 'ament_cmake_args' from command line to 'None'
[0.410s] Level 5:colcon.colcon_core.verb:set package 'depth_anything_v2_ros2' build argument 'catkin_cmake_args' from command line to 'None'
[0.410s] Level 5:colcon.colcon_core.verb:set package 'depth_anything_v2_ros2' build argument 'catkin_skip_building_tests' from command line to 'False'
[0.410s] DEBUG:colcon.colcon_core.verb:Building package 'depth_anything_v2_ros2' with the following arguments: {'ament_cmake_args': None, 'build_base': '/home/aleksantari/projects/snake_robot/ros2_ws/build/depth_anything_v2_ros2', 'catkin_cmake_args': None, 'catkin_skip_building_tests': False, 'cmake_args': None, 'cmake_clean_cache': False, 'cmake_clean_first': False, 'cmake_force_configure': False, 'cmake_target': None, 'cmake_target_skip_unavailable': False, 'install_base': '/home/aleksantari/projects/snake_robot/ros2_ws/install/depth_anything_v2_ros2', 'merge_install': False, 'path': '/home/aleksantari/projects/snake_robot/ros2_ws/src/depth_anything_v2_ros2', 'symlink_install': True, 'test_result_base': None}
[0.410s] Level 5:colcon.colcon_core.verb:set package 'snake_segmentation' build argument 'cmake_args' from command line to 'None'
[0.410s] Level 5:colcon.colcon_core.verb:set package 'snake_segmentation' build argument 'cmake_target' from command line to 'None'
[0.410s] Level 5:colcon.colcon_core.verb:set package 'snake_segmentation' build argument 'cmake_target_skip_unavailable' from command line to 'False'
[0.410s] Level 5:colcon.colcon_core.verb:set package 'snake_segmentation' build argument 'cmake_clean_cache' from command line to 'False'
[0.410s] Level 5:colcon.colcon_core.verb:set package 'snake_segmentation' build argument 'cmake_clean_first' from command line to 'False'
[0.410s] Level 5:colcon.colcon_core.verb:set package 'snake_segmentation' build argument 'cmake_force_configure' from command line to 'False'
[0.410s] Level 5:colcon.colcon_core.verb:set package 'snake_segmentation' build argument 'ament_cmake_args' from command line to 'None'
[0.410s] Level 5:colcon.colcon_core.verb:set package 'snake_segmentation' build argument 'catkin_cmake_args' from command line to 'None'
[0.410s] Level 5:colcon.colcon_core.verb:set package 'snake_segmentation' build argument 'catkin_skip_building_tests' from command line to 'False'
[0.410s] DEBUG:colcon.colcon_core.verb:Building package 'snake_segmentation' with the following arguments: {'ament_cmake_args': None, 'build_base': '/home/aleksantari/projects/snake_robot/ros2_ws/build/snake_segmentation', 'catkin_cmake_args': None, 'catkin_skip_building_tests': False, 'cmake_args': None, 'cmake_clean_cache': False, 'cmake_clean_first': False, 'cmake_force_configure': False, 'cmake_target': None, 'cmake_target_skip_unavailable': False, 'install_base': '/home/aleksantari/projects/snake_robot/ros2_ws/install/snake_segmentation', 'merge_install': False, 'path': '/home/aleksantari/projects/snake_robot/ros2_ws/src/snake_segmentation', 'symlink_install': True, 'test_result_base': None}
[0.410s] INFO:colcon.colcon_core.executor:Executing jobs using 'parallel' executor
[0.411s] DEBUG:colcon.colcon_parallel_executor.executor.parallel:run_until_complete
[0.411s] INFO:colcon.colcon_ros.task.ament_python.build:Building ROS package in '/home/aleksantari/projects/snake_robot/ros2_ws/src/depth_anything_v2_ros2' with build type 'ament_python'
[0.411s] Level 1:colcon.colcon_core.shell:create_environment_hook('depth_anything_v2_ros2', 'ament_prefix_path')
[0.413s] INFO:colcon.colcon_core.plugin_system:Skipping extension 'colcon_core.shell.bat': Not used on non-Windows systems
[0.413s] INFO:colcon.colcon_core.shell:Creating environment hook '/home/aleksantari/projects/snake_robot/ros2_ws/install/depth_anything_v2_ros2/share/depth_anything_v2_ros2/hook/ament_prefix_path.ps1'
[0.414s] INFO:colcon.colcon_core.shell:Creating environment descriptor '/home/aleksantari/projects/snake_robot/ros2_ws/install/depth_anything_v2_ros2/share/depth_anything_v2_ros2/hook/ament_prefix_path.dsv'
[0.415s] INFO:colcon.colcon_core.shell:Creating environment hook '/home/aleksantari/projects/snake_robot/ros2_ws/install/depth_anything_v2_ros2/share/depth_anything_v2_ros2/hook/ament_prefix_path.sh'
[0.415s] INFO:colcon.colcon_core.shell:Skip shell extension 'powershell' for command environment: Not usable outside of PowerShell
[0.415s] DEBUG:colcon.colcon_core.shell:Skip shell extension 'dsv' for command environment
[0.417s] INFO:colcon.colcon_ros.task.ament_python.build:Building ROS package in '/home/aleksantari/projects/snake_robot/ros2_ws/src/snake_segmentation' with build type 'ament_python'
[0.417s] Level 1:colcon.colcon_core.shell:create_environment_hook('snake_segmentation', 'ament_prefix_path')
[0.417s] INFO:colcon.colcon_core.shell:Creating environment hook '/home/aleksantari/projects/snake_robot/ros2_ws/install/snake_segmentation/share/snake_segmentation/hook/ament_prefix_path.ps1'
[0.418s] INFO:colcon.colcon_core.shell:Creating environment descriptor '/home/aleksantari/projects/snake_robot/ros2_ws/install/snake_segmentation/share/snake_segmentation/hook/ament_prefix_path.dsv'
[0.418s] INFO:colcon.colcon_core.shell:Creating environment hook '/home/aleksantari/projects/snake_robot/ros2_ws/install/snake_segmentation/share/snake_segmentation/hook/ament_prefix_path.sh'
[0.418s] INFO:colcon.colcon_core.shell:Skip shell extension 'powershell' for command environment: Not usable outside of PowerShell
[0.418s] DEBUG:colcon.colcon_core.shell:Skip shell extension 'dsv' for command environment
[0.571s] INFO:colcon.colcon_core.task.python.build:Building Python package in '/home/aleksantari/projects/snake_robot/ros2_ws/src/depth_anything_v2_ros2'
[0.571s] INFO:colcon.colcon_core.shell:Skip shell extension 'powershell' for command environment: Not usable outside of PowerShell
[0.571s] DEBUG:colcon.colcon_core.shell:Skip shell extension 'dsv' for command environment
[0.706s] INFO:colcon.colcon_core.task.python.build:Building Python package in '/home/aleksantari/projects/snake_robot/ros2_ws/src/snake_segmentation'
[0.706s] INFO:colcon.colcon_core.shell:Skip shell extension 'powershell' for command environment: Not usable outside of PowerShell
[0.706s] DEBUG:colcon.colcon_core.shell:Skip shell extension 'dsv' for command environment
[0.936s] DEBUG:colcon.colcon_core.event_handler.log_command:Invoking command in '/home/aleksantari/projects/snake_robot/ros2_ws/build/snake_segmentation': PS1=(snake_robot_env) \[\e]0;\u@\h: \w\a\]${debian_chroot:+($debian_chroot)}\[\033[01;32m\]\u@\h\[\033[00m\]:\[\033[01;34m\]\w\[\033[00m\]\$ PYTHONPATH=/home/aleksantari/projects/snake_robot/ros2_ws/build/snake_segmentation/prefix_override:/usr/lib/python3/dist-packages/colcon_core/task/python/colcon_distutils_commands:/home/aleksantari/projects/snake_robot/ros2_ws/install/snake_segmentation/lib/python3.10/site-packages:${PYTHONPATH} VIRTUAL_ENV_PROMPT=(snake_robot_env) /usr/bin/python3 -W ignore:setup.py install is deprecated -W ignore:easy_install command is deprecated setup.py develop --editable --build-directory /home/aleksantari/projects/snake_robot/ros2_ws/build/snake_segmentation/build --no-deps symlink_data
[0.946s] DEBUG:colcon.colcon_core.event_handler.log_command:Invoking command in '/home/aleksantari/projects/snake_robot/ros2_ws/build/depth_anything_v2_ros2': PS1=(snake_robot_env) \[\e]0;\u@\h: \w\a\]${debian_chroot:+($debian_chroot)}\[\033[01;32m\]\u@\h\[\033[00m\]:\[\033[01;34m\]\w\[\033[00m\]\$ PYTHONPATH=/home/aleksantari/projects/snake_robot/ros2_ws/build/depth_anything_v2_ros2/prefix_override:/usr/lib/python3/dist-packages/colcon_core/task/python/colcon_distutils_commands:/home/aleksantari/projects/snake_robot/ros2_ws/install/depth_anything_v2_ros2/lib/python3.10/site-packages:${PYTHONPATH} VIRTUAL_ENV_PROMPT=(snake_robot_env) /usr/bin/python3 -W ignore:setup.py install is deprecated -W ignore:easy_install command is deprecated setup.py develop --editable --build-directory /home/aleksantari/projects/snake_robot/ros2_ws/build/depth_anything_v2_ros2/build --no-deps symlink_data
[1.183s] Level 1:colcon.colcon_core.shell:create_environment_hook('snake_segmentation', 'pythonpath_develop')
[1.183s] INFO:colcon.colcon_core.shell:Creating environment hook '/home/aleksantari/projects/snake_robot/ros2_ws/build/snake_segmentation/share/snake_segmentation/hook/pythonpath_develop.ps1'
[1.183s] DEBUG:colcon.colcon_core.event_handler.log_command:Invoked command in '/home/aleksantari/projects/snake_robot/ros2_ws/build/snake_segmentation' returned '0': PS1=(snake_robot_env) \[\e]0;\u@\h: \w\a\]${debian_chroot:+($debian_chroot)}\[\033[01;32m\]\u@\h\[\033[00m\]:\[\033[01;34m\]\w\[\033[00m\]\$ PYTHONPATH=/home/aleksantari/projects/snake_robot/ros2_ws/build/snake_segmentation/prefix_override:/usr/lib/python3/dist-packages/colcon_core/task/python/colcon_distutils_commands:/home/aleksantari/projects/snake_robot/ros2_ws/install/snake_segmentation/lib/python3.10/site-packages:${PYTHONPATH} VIRTUAL_ENV_PROMPT=(snake_robot_env) /usr/bin/python3 -W ignore:setup.py install is deprecated -W ignore:easy_install command is deprecated setup.py develop --editable --build-directory /home/aleksantari/projects/snake_robot/ros2_ws/build/snake_segmentation/build --no-deps symlink_data
[1.184s] INFO:colcon.colcon_core.shell:Creating environment descriptor '/home/aleksantari/projects/snake_robot/ros2_ws/build/snake_segmentation/share/snake_segmentation/hook/pythonpath_develop.dsv'
[1.184s] INFO:colcon.colcon_core.shell:Creating environment hook '/home/aleksantari/projects/snake_robot/ros2_ws/build/snake_segmentation/share/snake_segmentation/hook/pythonpath_develop.sh'
[1.187s] Level 1:colcon.colcon_core.environment:checking '/home/aleksantari/projects/snake_robot/ros2_ws/install/snake_segmentation' for CMake module files
[1.187s] Level 1:colcon.colcon_core.environment:checking '/home/aleksantari/projects/snake_robot/ros2_ws/install/snake_segmentation' for CMake config files
[1.187s] Level 1:colcon.colcon_core.environment:checking '/home/aleksantari/projects/snake_robot/ros2_ws/install/snake_segmentation/lib'
[1.187s] Level 1:colcon.colcon_core.environment:checking '/home/aleksantari/projects/snake_robot/ros2_ws/install/snake_segmentation/bin'
[1.187s] Level 1:colcon.colcon_core.environment:checking '/home/aleksantari/projects/snake_robot/ros2_ws/install/snake_segmentation/lib/pkgconfig/snake_segmentation.pc'
[1.188s] Level 1:colcon.colcon_core.environment:checking '/home/aleksantari/projects/snake_robot/ros2_ws/install/snake_segmentation/lib/python3.10/site-packages'
[1.188s] Level 1:colcon.colcon_core.shell:create_environment_hook('snake_segmentation', 'pythonpath')
[1.188s] INFO:colcon.colcon_core.shell:Creating environment hook '/home/aleksantari/projects/snake_robot/ros2_ws/install/snake_segmentation/share/snake_segmentation/hook/pythonpath.ps1'
[1.188s] INFO:colcon.colcon_core.shell:Creating environment descriptor '/home/aleksantari/projects/snake_robot/ros2_ws/install/snake_segmentation/share/snake_segmentation/hook/pythonpath.dsv'
[1.188s] INFO:colcon.colcon_core.shell:Creating environment hook '/home/aleksantari/projects/snake_robot/ros2_ws/install/snake_segmentation/share/snake_segmentation/hook/pythonpath.sh'
[1.188s] Level 1:colcon.colcon_core.environment:checking '/home/aleksantari/projects/snake_robot/ros2_ws/install/snake_segmentation/bin'
[1.188s] Level 1:colcon.colcon_core.environment:create_environment_scripts_only(snake_segmentation)
[1.188s] INFO:colcon.colcon_core.shell:Creating package script '/home/aleksantari/projects/snake_robot/ros2_ws/install/snake_segmentation/share/snake_segmentation/package.ps1'
[1.189s] INFO:colcon.colcon_core.shell:Creating package descriptor '/home/aleksantari/projects/snake_robot/ros2_ws/install/snake_segmentation/share/snake_segmentation/package.dsv'
[1.189s] INFO:colcon.colcon_core.shell:Creating package script '/home/aleksantari/projects/snake_robot/ros2_ws/install/snake_segmentation/share/snake_segmentation/package.sh'
[1.190s] INFO:colcon.colcon_core.shell:Creating package script '/home/aleksantari/projects/snake_robot/ros2_ws/install/snake_segmentation/share/snake_segmentation/package.bash'
[1.190s] INFO:colcon.colcon_core.shell:Creating package script '/home/aleksantari/projects/snake_robot/ros2_ws/install/snake_segmentation/share/snake_segmentation/package.zsh'
[1.194s] Level 1:colcon.colcon_core.environment:create_file_with_runtime_dependencies(/home/aleksantari/projects/snake_robot/ros2_ws/install/snake_segmentation/share/colcon-core/packages/snake_segmentation)
[1.194s] Level 1:colcon.colcon_core.shell:create_environment_hook('depth_anything_v2_ros2', 'pythonpath_develop')
[1.194s] DEBUG:colcon.colcon_core.event_handler.log_command:Invoked command in '/home/aleksantari/projects/snake_robot/ros2_ws/build/depth_anything_v2_ros2' returned '0': PS1=(snake_robot_env) \[\e]0;\u@\h: \w\a\]${debian_chroot:+($debian_chroot)}\[\033[01;32m\]\u@\h\[\033[00m\]:\[\033[01;34m\]\w\[\033[00m\]\$ PYTHONPATH=/home/aleksantari/projects/snake_robot/ros2_ws/build/depth_anything_v2_ros2/prefix_override:/usr/lib/python3/dist-packages/colcon_core/task/python/colcon_distutils_commands:/home/aleksantari/projects/snake_robot/ros2_ws/install/depth_anything_v2_ros2/lib/python3.10/site-packages:${PYTHONPATH} VIRTUAL_ENV_PROMPT=(snake_robot_env) /usr/bin/python3 -W ignore:setup.py install is deprecated -W ignore:easy_install command is deprecated setup.py develop --editable --build-directory /home/aleksantari/projects/snake_robot/ros2_ws/build/depth_anything_v2_ros2/build --no-deps symlink_data
[1.195s] INFO:colcon.colcon_core.shell:Creating environment hook '/home/aleksantari/projects/snake_robot/ros2_ws/build/depth_anything_v2_ros2/share/depth_anything_v2_ros2/hook/pythonpath_develop.ps1'
[1.195s] INFO:colcon.colcon_core.shell:Creating environment descriptor '/home/aleksantari/projects/snake_robot/ros2_ws/build/depth_anything_v2_ros2/share/depth_anything_v2_ros2/hook/pythonpath_develop.dsv'
[1.195s] INFO:colcon.colcon_core.shell:Creating environment hook '/home/aleksantari/projects/snake_robot/ros2_ws/build/depth_anything_v2_ros2/share/depth_anything_v2_ros2/hook/pythonpath_develop.sh'
[1.195s] Level 1:colcon.colcon_core.environment:checking '/home/aleksantari/projects/snake_robot/ros2_ws/install/depth_anything_v2_ros2' for CMake module files
[1.195s] Level 1:colcon.colcon_core.environment:checking '/home/aleksantari/projects/snake_robot/ros2_ws/install/depth_anything_v2_ros2' for CMake config files
[1.196s] Level 1:colcon.colcon_core.environment:checking '/home/aleksantari/projects/snake_robot/ros2_ws/install/depth_anything_v2_ros2/lib'
[1.196s] Level 1:colcon.colcon_core.environment:checking '/home/aleksantari/projects/snake_robot/ros2_ws/install/depth_anything_v2_ros2/bin'
[1.196s] Level 1:colcon.colcon_core.environment:checking '/home/aleksantari/projects/snake_robot/ros2_ws/install/depth_anything_v2_ros2/lib/pkgconfig/depth_anything_v2_ros2.pc'
[1.196s] Level 1:colcon.colcon_core.environment:checking '/home/aleksantari/projects/snake_robot/ros2_ws/install/depth_anything_v2_ros2/lib/python3.10/site-packages'
[1.196s] Level 1:colcon.colcon_core.shell:create_environment_hook('depth_anything_v2_ros2', 'pythonpath')
[1.196s] INFO:colcon.colcon_core.shell:Creating environment hook '/home/aleksantari/projects/snake_robot/ros2_ws/install/depth_anything_v2_ros2/share/depth_anything_v2_ros2/hook/pythonpath.ps1'
[1.196s] INFO:colcon.colcon_core.shell:Creating environment descriptor '/home/aleksantari/projects/snake_robot/ros2_ws/install/depth_anything_v2_ros2/share/depth_anything_v2_ros2/hook/pythonpath.dsv'
[1.196s] INFO:colcon.colcon_core.shell:Creating environment hook '/home/aleksantari/projects/snake_robot/ros2_ws/install/depth_anything_v2_ros2/share/depth_anything_v2_ros2/hook/pythonpath.sh'
[1.197s] Level 1:colcon.colcon_core.environment:checking '/home/aleksantari/projects/snake_robot/ros2_ws/install/depth_anything_v2_ros2/bin'
[1.197s] Level 1:colcon.colcon_core.environment:create_environment_scripts_only(depth_anything_v2_ros2)
[1.197s] INFO:colcon.colcon_core.shell:Creating package script '/home/aleksantari/projects/snake_robot/ros2_ws/install/depth_anything_v2_ros2/share/depth_anything_v2_ros2/package.ps1'
[1.197s] INFO:colcon.colcon_core.shell:Creating package descriptor '/home/aleksantari/projects/snake_robot/ros2_ws/install/depth_anything_v2_ros2/share/depth_anything_v2_ros2/package.dsv'
[1.197s] INFO:colcon.colcon_core.shell:Creating package script '/home/aleksantari/projects/snake_robot/ros2_ws/install/depth_anything_v2_ros2/share/depth_anything_v2_ros2/package.sh'
[1.197s] INFO:colcon.colcon_core.shell:Creating package script '/home/aleksantari/projects/snake_robot/ros2_ws/install/depth_anything_v2_ros2/share/depth_anything_v2_ros2/package.bash'
[1.198s] INFO:colcon.colcon_core.shell:Creating package script '/home/aleksantari/projects/snake_robot/ros2_ws/install/depth_anything_v2_ros2/share/depth_anything_v2_ros2/package.zsh'
[1.198s] Level 1:colcon.colcon_core.environment:create_file_with_runtime_dependencies(/home/aleksantari/projects/snake_robot/ros2_ws/install/depth_anything_v2_ros2/share/colcon-core/packages/depth_anything_v2_ros2)
[1.198s] DEBUG:colcon.colcon_parallel_executor.executor.parallel:closing loop
[1.198s] DEBUG:colcon.colcon_parallel_executor.executor.parallel:loop closed
[1.198s] DEBUG:colcon.colcon_parallel_executor.executor.parallel:run_until_complete finished with '0'
[1.198s] DEBUG:colcon.colcon_core.event_reactor:joining thread
[1.204s] INFO:colcon.colcon_core.plugin_system:Skipping extension 'colcon_notification.desktop_notification.terminal_notifier': Not used on non-Darwin systems
[1.204s] INFO:colcon.colcon_core.plugin_system:Skipping extension 'colcon_notification.desktop_notification.win32': Not used on non-Windows systems
[1.204s] INFO:colcon.colcon_notification.desktop_notification:Sending desktop notification using 'notify2'
[1.218s] DEBUG:colcon.colcon_core.event_reactor:joined thread
[1.219s] INFO:colcon.colcon_core.shell:Creating prefix script '/home/aleksantari/projects/snake_robot/ros2_ws/install/local_setup.ps1'
[1.220s] INFO:colcon.colcon_core.shell:Creating prefix util module '/home/aleksantari/projects/snake_robot/ros2_ws/install/_local_setup_util_ps1.py'
[1.226s] INFO:colcon.colcon_core.shell:Creating prefix chain script '/home/aleksantari/projects/snake_robot/ros2_ws/install/setup.ps1'
[1.229s] INFO:colcon.colcon_core.shell:Creating prefix script '/home/aleksantari/projects/snake_robot/ros2_ws/install/local_setup.sh'
[1.233s] INFO:colcon.colcon_core.shell:Creating prefix util module '/home/aleksantari/projects/snake_robot/ros2_ws/install/_local_setup_util_sh.py'
[1.233s] INFO:colcon.colcon_core.shell:Creating prefix chain script '/home/aleksantari/projects/snake_robot/ros2_ws/install/setup.sh'
[1.234s] INFO:colcon.colcon_core.shell:Creating prefix script '/home/aleksantari/projects/snake_robot/ros2_ws/install/local_setup.bash'
[1.234s] INFO:colcon.colcon_core.shell:Creating prefix chain script '/home/aleksantari/projects/snake_robot/ros2_ws/install/setup.bash'
[1.235s] INFO:colcon.colcon_core.shell:Creating prefix script '/home/aleksantari/projects/snake_robot/ros2_ws/install/local_setup.zsh'
[1.235s] INFO:colcon.colcon_core.shell:Creating prefix chain script '/home/aleksantari/projects/snake_robot/ros2_ws/install/setup.zsh'
